// Jest Snapshot v1, https://goo.gl/fbAQLP

exports[`BadRequestError should produce a helpful, observable error message 1`] = `
[Error: BadRequestError: no tires on the vehicle

{"tires":[]}]
`;
